<testsuites id="" name="" tests="12" failures="0" skipped="12" errors="0" time="28.791219">
<testsuite name="e2e/core/app-initialization.spec.ts" timestamp="2025-09-21T00:35:10.583Z" hostname="chromium" tests="12" failures="0" skipped="12" time="21.755" errors="0">
<testcase name="UrbanSynth App Initialization › should load the application successfully" classname="e2e/core/app-initialization.spec.ts" time="21.755">
<skipped>
</skipped>
</testcase>
<testcase name="UrbanSynth App Initialization › should initialize with correct layer count" classname="e2e/core/app-initialization.spec.ts" time="0">
<skipped>
</skipped>
</testcase>
<testcase name="UrbanSynth App Initialization › should display initial UI panels in correct state" classname="e2e/core/app-initialization.spec.ts" time="0">
<skipped>
</skipped>
</testcase>
<testcase name="UrbanSynth App Initialization › should initialize simulation in paused state" classname="e2e/core/app-initialization.spec.ts" time="0">
<skipped>
</skipped>
</testcase>
<testcase name="UrbanSynth App Initialization › should load with acceptable performance" classname="e2e/core/app-initialization.spec.ts" time="0">
<skipped>
</skipped>
</testcase>
<testcase name="UrbanSynth App Initialization › should handle page refresh correctly" classname="e2e/core/app-initialization.spec.ts" time="0">
<skipped>
</skipped>
</testcase>
<testcase name="UrbanSynth App Initialization › should maintain state after browser navigation" classname="e2e/core/app-initialization.spec.ts" time="0">
<skipped>
</skipped>
</testcase>
<testcase name="UrbanSynth App Initialization › should initialize WebGL context successfully" classname="e2e/core/app-initialization.spec.ts" time="0">
<skipped>
</skipped>
</testcase>
<testcase name="UrbanSynth App Initialization › should handle different viewport sizes" classname="e2e/core/app-initialization.spec.ts" time="0">
<skipped>
</skipped>
</testcase>
<testcase name="UrbanSynth App Initialization › should not have console errors during initialization" classname="e2e/core/app-initialization.spec.ts" time="0">
<skipped>
</skipped>
</testcase>
<testcase name="UrbanSynth App Initialization › should detect memory leaks during initialization" classname="e2e/core/app-initialization.spec.ts" time="0">
<skipped>
</skipped>
</testcase>
<testcase name="UrbanSynth App Initialization › should handle slow network conditions" classname="e2e/core/app-initialization.spec.ts" time="0">
<skipped>
</skipped>
</testcase>
</testsuite>
</testsuites>